// Jest Snapshot v1, https://goo.gl/fbAQLP

exports[`counter component should correspond to its snapshot 1`] = `
<section
  className="counter"
>
  Post count: 
  4
</section>
`;
